// Jest Snapshot v1, https://goo.gl/fbAQLP

exports[`GameStatusButton It should match snapshot 1`] = `
<button
  class="GameStatusButton"
>
  <img
    alt="pause"
    src="./static/pause.svg"
  />
</button>
`;
