// Jest Snapshot v1, https://goo.gl/fbAQLP

exports[`List It should match snapshot 1`] = `
<ul
  class="List"
/>
`;
